// Jest Snapshot v1, https://goo.gl/fbAQLP

exports[`renders button correctly 1`] = `
<View
  style={
    Object {
      "flex": 1,
    }
  }
>
  <View
    accessible={true}
    focusable={true}
    onClick={[Function]}
    onResponderGrant={[Function]}
    onResponderMove={[Function]}
    onResponderRelease={[Function]}
    onResponderTerminate={[Function]}
    onResponderTerminationRequest={[Function]}
    onStartShouldSetResponder={[Function]}
    style={
      Object {
        "alignItems": "center",
        "backgroundColor": "white",
        "borderColor": "white",
        "borderRadius": 4,
        "borderWidth": 1,
        "flexDirection": "row",
        "justifyContent": "center",
        "marginVertical": 16,
        "minHeight": 40,
        "minWidth": 40,
        "opacity": 1,
        "paddingHorizontal": 10,
        "paddingVertical": 12,
      }
    }
  >
    <Text
      appearance="default"
      category="p1"
      style={
        Array [
          Object {
            "color": "#222B45",
            "fontFamily": "System",
            "fontSize": 15,
            "fontWeight": "400",
          },
          Object {
            "color": "#FFFFFF",
            "fontFamily": "System",
            "fontSize": 14,
            "fontWeight": "bold",
            "marginHorizontal": 10,
          },
        ]
      }
    >
      <Text
        appearance="default"
        category="p1"
        style={
          Array [
            Object {
              "color": "#222B45",
              "fontFamily": "System",
              "fontSize": 15,
              "fontWeight": "400",
            },
            undefined,
          ]
        }
        styles={
          Object {
            "textAlign": "center",
          }
        }
      >
        btn
      </Text>
    </Text>
  </View>
</View>
`;
